signup.ts:56  POST http://localhost:5261/api/auth/signup 404 (Not Found)
(anonymous) @ _module-chunk.mjs:1206
(anonymous) @ Observable.js:38
(anonymous) @ Observable.js:32
errorContext @ errorContext.js:19
(anonymous) @ Observable.js:23
(anonymous) @ switchMap.js:14
(anonymous) @ OperatorSubscriber.js:15
(anonymous) @ Subscriber.js:34
(anonymous) @ innerFrom.js:51
(anonymous) @ Observable.js:38
(anonymous) @ Observable.js:32
errorContext @ errorContext.js:19
(anonymous) @ Observable.js:23
(anonymous) @ switchMap.js:10
(anonymous) @ lift.js:10
(anonymous) @ Observable.js:27
errorContext @ errorContext.js:19
(anonymous) @ Observable.js:23
(anonymous) @ catchError.js:9
(anonymous) @ lift.js:10
(anonymous) @ Observable.js:27
errorContext @ errorContext.js:19
(anonymous) @ Observable.js:23
(anonymous) @ finalize.js:5
(anonymous) @ lift.js:10
(anonymous) @ Observable.js:27
errorContext @ errorContext.js:19
(anonymous) @ Observable.js:23
(anonymous) @ mergeInternals.js:19
(anonymous) @ mergeInternals.js:14
(anonymous) @ OperatorSubscriber.js:15
(anonymous) @ Subscriber.js:34
(anonymous) @ innerFrom.js:51
(anonymous) @ Observable.js:38
(anonymous) @ Observable.js:32
errorContext @ errorContext.js:19
(anonymous) @ Observable.js:23
mergeInternals @ mergeInternals.js:53
(anonymous) @ mergeMap.js:14
(anonymous) @ lift.js:10
(anonymous) @ Observable.js:27
errorContext @ errorContext.js:19
(anonymous) @ Observable.js:23
(anonymous) @ filter.js:6
(anonymous) @ lift.js:10
(anonymous) @ Observable.js:27
errorContext @ errorContext.js:19
(anonymous) @ Observable.js:23
(anonymous) @ map.js:6
(anonymous) @ lift.js:10
(anonymous) @ Observable.js:27
errorContext @ errorContext.js:19
(anonymous) @ Observable.js:23
onSubmit @ signup.ts:56
Signup_Template_form_ngSubmit_18_listener @ signup.html:25
executeListenerWithErrorHandling @ _debug_node-chunk.mjs:8204
wrapListenerIn_markDirtyAndPreventDefault @ _debug_node-chunk.mjs:8191
(anonymous) @ Subscriber.js:96
(anonymous) @ Subscriber.js:63
(anonymous) @ Subscriber.js:34
(anonymous) @ Subject.js:41
errorContext @ errorContext.js:19
(anonymous) @ Subject.js:31
emit @ _effect-chunk2.mjs:2264
onSubmit @ forms.mjs:2947
FormGroupDirective_submit_HostBindingHandler @ forms.mjs:3603
executeListenerWithErrorHandling @ _debug_node-chunk.mjs:8204
wrapListenerIn_markDirtyAndPreventDefault @ _debug_node-chunk.mjs:8191
(anonymous) @ _dom_renderer-chunk.mjs:566
signup.ts:63 Signup failed: HttpErrorResponse {headers: _HttpHeaders, status: 404, statusText: 'Not Found', url: 'http://localhost:5261/api/auth/signup', ok: false, …}
(anonymous) @ signup.ts:63
(anonymous) @ Subscriber.js:107
(anonymous) @ Subscriber.js:67
(anonymous) @ Subscriber.js:43
(anonymous) @ Subscriber.js:67
(anonymous) @ Subscriber.js:43
(anonymous) @ Subscriber.js:67
(anonymous) @ Subscriber.js:43
(anonymous) @ Subscriber.js:67
(anonymous) @ Subscriber.js:43
(anonymous) @ throwError.js:5
(anonymous) @ Observable.js:38
(anonymous) @ Observable.js:32
errorContext @ errorContext.js:19
(anonymous) @ Observable.js:23
(anonymous) @ catchError.js:14
(anonymous) @ OperatorSubscriber.js:25
(anonymous) @ Subscriber.js:43
(anonymous) @ Subscriber.js:67
(anonymous) @ Subscriber.js:43
(anonymous) @ _module-chunk.mjs:1132
XMLHttpRequest.send
(anonymous) @ _module-chunk.mjs:1206
(anonymous) @ Observable.js:38
(anonymous) @ Observable.js:32
errorContext @ errorContext.js:19
(anonymous) @ Observable.js:23
(anonymous) @ switchMap.js:14
(anonymous) @ OperatorSubscriber.js:15
(anonymous) @ Subscriber.js:34
(anonymous) @ innerFrom.js:51
(anonymous) @ Observable.js:38
(anonymous) @ Observable.js:32
errorContext @ errorContext.js:19
(anonymous) @ Observable.js:23
(anonymous) @ switchMap.js:10
(anonymous) @ lift.js:10
(anonymous) @ Observable.js:27
errorContext @ errorContext.js:19
(anonymous) @ Observable.js:23
(anonymous) @ catchError.js:9
(anonymous) @ lift.js:10
(anonymous) @ Observable.js:27
errorContext @ errorContext.js:19
(anonymous) @ Observable.js:23
(anonymous) @ finalize.js:5
(anonymous) @ lift.js:10
(anonymous) @ Observable.js:27
errorContext @ errorContext.js:19
(anonymous) @ Observable.js:23
(anonymous) @ mergeInternals.js:19
(anonymous) @ mergeInternals.js:14
(anonymous) @ OperatorSubscriber.js:15
(anonymous) @ Subscriber.js:34
(anonymous) @ innerFrom.js:51
(anonymous) @ Observable.js:38
(anonymous) @ Observable.js:32
errorContext @ errorContext.js:19
(anonymous) @ Observable.js:23
mergeInternals @ mergeInternals.js:53
(anonymous) @ mergeMap.js:14
(anonymous) @ lift.js:10
(anonymous) @ Observable.js:27
errorContext @ errorContext.js:19
(anonymous) @ Observable.js:23
(anonymous) @ filter.js:6
(anonymous) @ lift.js:10
(anonymous) @ Observable.js:27
errorContext @ errorContext.js:19
(anonymous) @ Observable.js:23
(anonymous) @ map.js:6
(anonymous) @ lift.js:10
(anonymous) @ Observable.js:27
errorContext @ errorContext.js:19
(anonymous) @ Observable.js:23
onSubmit @ signup.ts:56
Signup_Template_form_ngSubmit_18_listener @ signup.html:25
executeListenerWithErrorHandling @ _debug_node-chunk.mjs:8204
wrapListenerIn_markDirtyAndPreventDefault @ _debug_node-chunk.mjs:8191
(anonymous) @ Subscriber.js:96
(anonymous) @ Subscriber.js:63
(anonymous) @ Subscriber.js:34
(anonymous) @ Subject.js:41
errorContext @ errorContext.js:19
(anonymous) @ Subject.js:31
emit @ _effect-chunk2.mjs:2264
onSubmit @ forms.mjs:2947
FormGroupDirective_submit_HostBindingHandler @ forms.mjs:3603
executeListenerWithErrorHandling @ _debug_node-chunk.mjs:8204
wrapListenerIn_markDirtyAndPreventDefault @ _debug_node-chunk.mjs:8191
(anonymous) @ _dom_renderer-chunk.mjs:566
